node.exe : npm warn Unknown project config "shamefully-hoist". This will stop working in the next major version of 
npm. See `npm help npmrc` for supported config options.
At line:1 char:1
+ & "C:\Program Files\nodejs/node.exe" "C:\Users\Lenovo\AppData\Roaming ...
+ ~~~~~~~~~~~~~~~~~~~~~~~~~~~~~~~~~~~~~~~~~~~~~~~~~~~~~~~~~~~~~~~~~~~~~
    + CategoryInfo          : NotSpecified: (npm warn Unknow...config options.:String) [], RemoteException
    + FullyQualifiedErrorId : NativeCommandError
 

> build
> react-router build

[36mvite v6.4.2 [32mbuilding for production...[36m[39m
transforming...
[32mΓ£ô[39m 47 modules transformed.
[31mΓ£ù[39m Build failed in 1.51s
[31m[vite:css] [postcss] It looks like you're trying to use `tailwindcss` directly as a PostCSS plugin. The PostCSS 
plugin has moved to a separate package, so to continue using Tailwind CSS with PostCSS you'll need to install 
`@tailwindcss/postcss` and update your PostCSS configuration.[39m
file: [36mC:/Users/Lenovo/Desktop/TestiCraft/testi-craft/app/routes/_index/styles.module.css:undefined:NaN[39m
    at ft (C:\Users\Lenovo\Desktop\TestiCraft\testi-craft\node_modules\tailwindcss\dist\lib.js:38:1643)
    at LazyResult.runOnRoot 
(C:\Users\Lenovo\Desktop\TestiCraft\testi-craft\node_modules\postcss\lib\lazy-result.js:361:16)
    at LazyResult.runAsync 
(C:\Users\Lenovo\Desktop\TestiCraft\testi-craft\node_modules\postcss\lib\lazy-result.js:290:26)
    at LazyResult.async (C:\Users\Lenovo\Desktop\TestiCraft\testi-craft\node_modules\postcss\lib\lazy-result.js:192:30)
    at LazyResult.then (C:\Users\Lenovo\Desktop\TestiCraft\testi-craft\node_modules\postcss\lib\lazy-result.js:449:17) 
{
  code: 'PLUGIN_ERROR',
  loc: { file: undefined, line: undefined, column: NaN },
  pluginCode: '.index {\r\n' +
    '  align-items: center;\r\n' +
    '  display: flex;\r\n' +
    '  justify-content: center;\r\n' +
    '  height: 100%;\r\n' +
    '  width: 100%;\r\n' +
    '  text-align: center;\r\n' +
    '  padding: 1rem;\r\n' +
    '}\r\n' +
    '\r\n' +
    '.heading,\r\n' +
    '.text {\r\n' +
    '  padding: 0;\r\n' +
    '  margin: 0;\r\n' +
    '}\r\n' +
    '\r\n' +
    '.text {\r\n' +
    '  font-size: 1.2rem;\r\n' +
    '  padding-bottom: 2rem;\r\n' +
    '}\r\n' +
    '\r\n' +
    '.content {\r\n' +
    '  display: grid;\r\n' +
    '  gap: 2rem;\r\n' +
    '}\r\n' +
    '\r\n' +
    '.form {\r\n' +
    '  display: flex;\r\n' +
    '  align-items: center;\r\n' +
    '  justify-content: flex-start;\r\n' +
    '  margin: 0 auto;\r\n' +
    '  gap: 1rem;\r\n' +
    '}\r\n' +
    '\r\n' +
    '.label {\r\n' +
    '  display: grid;\r\n' +
    '  gap: 0.2rem;\r\n' +
    '  max-width: 20rem;\r\n' +
    '  text-align: left;\r\n' +
    '  font-size: 1rem;\r\n' +
    '}\r\n' +
    '\r\n' +
    '.input {\r\n' +
    '  padding: 0.4rem;\r\n' +
    '}\r\n' +
    '\r\n' +
    '.button {\r\n' +
    '  padding: 0.4rem;\r\n' +
    '}\r\n' +
    '\r\n' +
    '.list {\r\n' +
    '  list-style: none;\r\n' +
    '  padding: 0;\r\n' +
    '  padding-top: 3rem;\r\n' +
    '  margin: 0;\r\n' +
    '  display: flex;\r\n' +
    '  gap: 2rem;\r\n' +
    '}\r\n' +
    '\r\n' +
    '.list > li {\r\n' +
    '  max-width: 20rem;\r\n' +
    '  text-align: left;\r\n' +
    '}\r\n' +
    '\r\n' +
    '@media only screen and (max-width: 50rem) {\r\n' +
    '  .list {\r\n' +
    '    display: block;\r\n' +
    '  }\r\n' +
    '\r\n' +
    '  .list > li {\r\n' +
    '    padding-bottom: 1rem;\r\n' +
    '  }\r\n' +
    '}\r\n',
  plugin: 'vite:css',
  hook: 'transform',
  id: 'C:/Users/Lenovo/Desktop/TestiCraft/testi-craft/app/routes/_index/styles.module.css',
  watchFiles: [
    
'C:/Users/Lenovo/Desktop/TestiCraft/testi-craft/node_modules/@react-router/dev/dist/config/defaults/entry.client.tsx',
    'C:/Users/Lenovo/Desktop/TestiCraft/testi-craft/app/root.jsx',
    'C:/Users/Lenovo/Desktop/TestiCraft/testi-craft/app/routes/webhooks.app.scopes_update.jsx',
    'C:/Users/Lenovo/Desktop/TestiCraft/testi-craft/app/routes/webhooks.app.uninstalled.jsx',
    'C:/Users/Lenovo/Desktop/TestiCraft/testi-craft/app/routes/api.billing.js',
    'C:/Users/Lenovo/Desktop/TestiCraft/testi-craft/app/routes/api.widget.js',
    'C:/Users/Lenovo/Desktop/TestiCraft/testi-craft/app/routes/auth.login/route.jsx',
    'C:/Users/Lenovo/Desktop/TestiCraft/testi-craft/app/routes/auth.$.jsx',
    'C:/Users/Lenovo/Desktop/TestiCraft/testi-craft/app/routes/app.jsx',
    'C:/Users/Lenovo/Desktop/TestiCraft/testi-craft/app/routes/_index/route.jsx',
    'C:/Users/Lenovo/Desktop/TestiCraft/testi-craft/app/routes/app.additional.jsx',
    'C:/Users/Lenovo/Desktop/TestiCraft/testi-craft/app/routes/app.pricing.jsx',
    'C:/Users/Lenovo/Desktop/TestiCraft/testi-craft/app/routes/app._index.jsx',
    'C:\\Users\\Lenovo\\Desktop\\TestiCraft\\testi-craft\\package.json',
    'C:/Users/Lenovo/Desktop/TestiCraft/testi-craft/node_modules/react/jsx-runtime.js',
    'C:/Users/Lenovo/Desktop/TestiCraft/testi-craft/node_modules/react/index.js',
    'C:/Users/Lenovo/Desktop/TestiCraft/testi-craft/node_modules/react-dom/client.js',
    'C:/Users/Lenovo/Desktop/TestiCraft/testi-craft/node_modules/react-router/dist/development/dom-export.mjs',
    'C:/Users/Lenovo/Desktop/TestiCraft/testi-craft/node_modules/react/cjs/react-jsx-runtime.production.min.js',
    'C:/Users/Lenovo/Desktop/TestiCraft/testi-craft/node_modules/react/cjs/react.production.min.js',
    'C:/Users/Lenovo/Desktop/TestiCraft/testi-craft/node_modules/react-dom/index.js',
    'C:/Users/Lenovo/Desktop/TestiCraft/testi-craft/node_modules/react-router/dist/development/chunk-RJYABSBD.mjs',
    'C:/Users/Lenovo/Desktop/TestiCraft/testi-craft/node_modules/react-router/dist/development/chunk-4N6VE7H7.mjs',
    'C:/Users/Lenovo/Desktop/TestiCraft/testi-craft/node_modules/react-dom/cjs/react-dom.production.min.js',
    'C:/Users/Lenovo/Desktop/TestiCraft/testi-craft/node_modules/@shopify/polaris/build/esm/index.js',
    'C:/Users/Lenovo/Desktop/TestiCraft/testi-craft/node_modules/react-router/dist/development/index.mjs',
    'C:/Users/Lenovo/Desktop/TestiCraft/testi-craft/node_modules/@shopify/shopify-app-react-router/dist/esm/server/inde
x.mjs',
    'C:/Users/Lenovo/Desktop/TestiCraft/testi-craft/node_modules/@shopify/shopify-app-react-router/dist/esm/react/index
.mjs',
    'C:/Users/Lenovo/Desktop/TestiCraft/testi-craft/node_modules/@shopify/polaris/locales/en.json',
    'C:/Users/Lenovo/Desktop/TestiCraft/testi-craft/app/routes/_index/styles.module.css'
  ]
}
